# Testing single nodes to the graph
# Tests that a single node can be added to a created graph

# Create a graph
created graph1

# Add a node
added graph1 n1