# Test Create Graph
# Tests that a graph can be created

# Create a graph
created graph graph1