# Test Add Single Edge
# tests the creation of a single edge connecting two nodes

# Create a graph
created graph graph1

# Add a pair of nodes to the graph
added n1 to graph1
added n2 to graph1

# Add a edge connecting n1 and n2
added edge A from n1 to n2 in graph1